// Vitest Snapshot v1, https://vitest.dev/guide/snapshot.html

exports[`Header > renders Header with snapshot 1`] = `
<DocumentFragment>
  <header
    class="max-w-screen text-white bg-orange-900 flex items-center justify-around lg:justify-around"
    id="header"
  >
    <div
      class="flex items-center md:items-center p-5"
      id="logo"
    >
      <span
        class="p-2"
      >
         Saving Lives 
      </span>
      <a
        href="/"
      >
        <img
          alt="logo"
          class="rounded-full w-20"
          src="/src/assets/images/logo.jpg"
        />
      </a>
      <span
        class="p-2"
      >
         Saving Animals 
      </span>
    </div>
    <nav
      class="flex items-center justify-center"
    >
      <a
        class="p-2 hover:text-orange-300 hover:underline"
        href="/"
      >
        Home
      </a>
      <a
        class="p-2 hover:text-orange-300 hover:underline"
        href="/about"
      >
        About
      </a>
      <a
        class="p-2 hover:text-orange-300 hover:underline"
        href="/contact"
      >
        Contact
      </a>
      <a
        class="p-2 hover:text-orange-300 hover:underline"
        href="/petnews"
      >
        PetNews
      </a>
      <a
        class="p-2 hover:text-orange-300 hover:underline"
        href="/blogs"
      >
        Blogs
      </a>
      <a
        class="p-2 hover:text-orange-300 hover:underline"
        href="/donateanimals"
      >
        Donate Animals
      </a>
      <a
        class="p-2 hover:text-orange-300 hover:underline"
        href="/donatemoney"
      >
        Suport Us
      </a>
      <a
        class="p-2 hover:text-orange-300 hover:underline"
        href="/sosreport"
      >
        SOS Report
      </a>
      <a
        class="p-2 hover:text-orange-300 hover:underline"
        href="/contact"
      >
        <button
          class="bg-[#C57837] p-4 focus:outline-none font-bold rounded mt-4 md:mt-0"
          type="button"
        >
          Contact Us
        </button>
      </a>
    </nav>
  </header>
</DocumentFragment>
`;
