// Vitest Snapshot v1, https://vitest.dev/guide/snapshot.html

exports[`About > renders About with snapshot 1`] = `
<DocumentFragment>
  <section
    class="bg-[#111827]"
  >
    <section
      class="max-w-screen-xl mx-auto p-6 flex flex-col items-center"
    >
      <h1
        class="text-white font-bold text-5xl py-4"
      >
        About
      </h1>
      <p
        class="text-[#696C72] text-center pb-4"
      >
        Our mission is to provide a platform that connects animal lovers with pets in need of a forever home, while also providing emergency medical care for stray animals in distress. We strive to make a difference in the lives of these innocent creatures by offering options to Adopt, Donate and through our SOS feature Report stray animals in need of immediate assistance. Together, we can create a better world for all animals.
      </p>
    </section>
  </section>
</DocumentFragment>
`;
